
 Start  Stop   Length Name               Class

 00000H 02136H 02137H _TEXT              CODE
 02137H 0248AH 00354H TEST_TEXT          CODE
 0248CH 02561H 000D6H OS_CPU_A_TEXT      CODE
 02562H 02737H 001D6H OS_CPU_C_TEXT      CODE
 02738H 02AB4H 0037DH PC_TEXT            CODE
 02AB5H 0633BH 03887H UCOS_II_TEXT       CODE
 06340H 06340H 00000H _FARDATA           FAR_DATA
 06340H 06340H 00000H _FARBSS            FAR_BSS
 06340H 06340H 00000H _OVERLAY_          OVRINFO
 06340H 06340H 00000H _1STUB_            STUBSEG
 06340H 06805H 004C6H _DATA              DATA
 06806H 06807H 00002H _CVTSEG            DATA
 06808H 0680DH 00006H _SCNSEG            DATA
 0680EH 0680EH 00000H _CONST             CONST
 0680EH 06819H 0000CH _INIT_             INITDATA
 0681AH 0681AH 00000H _INITEND_          INITDATA
 0681AH 0681AH 00000H _EXIT_             EXITDATA
 0681AH 0681AH 00000H _EXITEND_          EXITDATA
 0681AH 08CB3H 0249AH _BSS               BSS
 08CB4H 08CB4H 00000H _BSSEND            BSSEND
 08CC0H 08D3FH 00080H _STACK             STACK


Detailed map of segments

 0000:0000 0295 C=CODE   S=_TEXT          G=(none)  M=c0.ASM     ACBP=28
 0000:0295 002D C=CODE   S=_TEXT          G=(none)  M=ATEXIT     ACBP=28
 0000:02C2 0093 C=CODE   S=_TEXT          G=(none)  M=EXIT       ACBP=28
 0000:0355 0000 C=CODE   S=_TEXT          G=(none)  M=FILES      ACBP=28
 0000:0355 0000 C=CODE   S=_TEXT          G=(none)  M=FILES2     ACBP=28
 0000:0355 0017 C=CODE   S=_TEXT          G=(none)  M=F_LXMUL    ACBP=28
 0000:036C 0026 C=CODE   S=_TEXT          G=(none)  M=GETDATE    ACBP=28
 0000:0392 00AE C=CODE   S=_TEXT          G=(none)  M=H_LDIV     ACBP=28
 0000:0440 0021 C=CODE   S=_TEXT          G=(none)  M=H_LLSH     ACBP=28
 0000:0461 0021 C=CODE   S=_TEXT          G=(none)  M=H_LURSH    ACBP=28
 0000:0482 0060 C=CODE   S=_TEXT          G=(none)  M=H_PADD     ACBP=28
 0000:04E2 004B C=CODE   S=_TEXT          G=(none)  M=IOERROR    ACBP=28
 0000:052D 0011 C=CODE   S=_TEXT          G=(none)  M=ISATTY     ACBP=28
 0000:053E 00A2 C=CODE   S=_TEXT          G=(none)  M=LONGTOA    ACBP=28
 0000:05E0 0029 C=CODE   S=_TEXT          G=(none)  M=LSEEK      ACBP=28
 0000:0609 0021 C=CODE   S=_TEXT          G=(none)  M=N_PCMP     ACBP=28
 0000:062A 00BA C=CODE   S=_TEXT          G=(none)  M=SETUPIO    ACBP=28
 0000:06E4 0000 C=CODE   S=_TEXT          G=(none)  M=STKLEN     ACBP=28
 0000:06E4 04DB C=CODE   S=_TEXT          G=(none)  M=VPRINTER   ACBP=28
 0000:0BBF 009F C=CODE   S=_TEXT          G=(none)  M=VRAM       ACBP=28
 0000:0C5E 0000 C=CODE   S=_TEXT          G=(none)  M=WSCROLL    ACBP=28
 0000:0C5E 014E C=CODE   S=_TEXT          G=(none)  M=CPRINTF    ACBP=28
 0000:0DAC 01A5 C=CODE   S=_TEXT          G=(none)  M=CRTINIT    ACBP=28
 0000:0F51 001F C=CODE   S=_TEXT          G=(none)  M=CVTFAK     ACBP=28
 0000:0F70 0432 C=CODE   S=_TEXT          G=(none)  M=FARHEAP    ACBP=28
 0000:13A2 0140 C=CODE   S=_TEXT          G=(none)  M=FBRK       ACBP=28
 0000:14E2 005E C=CODE   S=_TEXT          G=(none)  M=GETCH      ACBP=28
 0000:1540 00AC C=CODE   S=_TEXT          G=(none)  M=GPTEXT     ACBP=28
 0000:15EC 0012 C=CODE   S=_TEXT          G=(none)  M=KBHIT      ACBP=28
 0000:15FE 009D C=CODE   S=_TEXT          G=(none)  M=MOVETEXT   ACBP=28
 0000:169B 0017 C=CODE   S=_TEXT          G=(none)  M=PUTCH      ACBP=28
 0000:16B2 0004 C=CODE   S=_TEXT          G=(none)  M=REALCVT    ACBP=28
 0000:16B6 01C7 C=CODE   S=_TEXT          G=(none)  M=SCREEN     ACBP=28
 0000:187D 018E C=CODE   S=_TEXT          G=(none)  M=SCROLL     ACBP=28
 0000:1A0B 001C C=CODE   S=_TEXT          G=(none)  M=SETBLOCK   ACBP=28
 0000:1A27 006A C=CODE   S=_TEXT          G=(none)  M=SETJMP     ACBP=28
 0000:1A91 002C C=CODE   S=_TEXT          G=(none)  M=WHEREXY    ACBP=28
 0000:1ABD 00CD C=CODE   S=_TEXT          G=(none)  M=FFLUSH     ACBP=28
 0000:1B8A 0042 C=CODE   S=_TEXT          G=(none)  M=FLUSHALL   ACBP=28
 0000:1BCC 01E2 C=CODE   S=_TEXT          G=(none)  M=FSEEK      ACBP=28
 0000:1DAE 0024 C=CODE   S=_TEXT          G=(none)  M=MEMCPY     ACBP=28
 0000:1DD2 011D C=CODE   S=_TEXT          G=(none)  M=SETVBUF    ACBP=28
 0000:1EEF 0083 C=CODE   S=_TEXT          G=(none)  M=SPRINTF    ACBP=28
 0000:1F72 0151 C=CODE   S=_TEXT          G=(none)  M=WRITE      ACBP=28
 0000:20C3 003C C=CODE   S=_TEXT          G=(none)  M=WRITEA     ACBP=28
 0000:20FF 0038 C=CODE   S=_TEXT          G=(none)  M=XFFLUSH    ACBP=28
 0213:0007 0354 C=CODE   S=TEST_TEXT      G=(none)  M=test.c     ACBP=28
 0248:000C 00D6 C=CODE   S=OS_CPU_A_TEXT  G=(none)  M=\SOFTWARE\uCOS-II\Ix86L\BC45\OS_CPU_A.ASM ACBP=48
 0256:0002 01D6 C=CODE   S=OS_CPU_C_TEXT  G=(none)  M=os_cpu_c.c ACBP=28
 0273:0008 037D C=CODE   S=PC_TEXT        G=(none)  M=pc.c       ACBP=28
 02AB:0005 3887 C=CODE   S=UCOS_II_TEXT   G=(none)  M=ucos_ii.c  ACBP=28
 0634:0000 0000 C=FAR_DATA S=_FARDATA       G=(none)  M=c0.ASM     ACBP=68
 0634:0000 0000 C=FAR_BSS S=_FARBSS        G=(none)  M=c0.ASM     ACBP=68
 0634:0000 0000 C=OVRINFO S=_OVERLAY_      G=(none)  M=c0.ASM     ACBP=68
 0634:0000 0000 C=STUBSEG S=_1STUB_        G=(none)  M=c0.ASM     ACBP=68
 0634:0000 0093 C=DATA   S=_DATA          G=DGROUP  M=c0.ASM     ACBP=68
 0634:0094 0028 C=DATA   S=_DATA          G=DGROUP  M=test.c     ACBP=48
 0634:00BC 0000 C=DATA   S=_DATA          G=DGROUP  M=\SOFTWARE\uCOS-II\Ix86L\BC45\OS_CPU_A.ASM ACBP=48
 0634:00BC 0000 C=DATA   S=_DATA          G=DGROUP  M=os_cpu_c.c ACBP=48
 0634:00BC 001F C=DATA   S=_DATA          G=DGROUP  M=pc.c       ACBP=48
 0634:00DC 0108 C=DATA   S=_DATA          G=DGROUP  M=ucos_ii.c  ACBP=48
 0634:01E4 0002 C=DATA   S=_DATA          G=DGROUP  M=ATEXIT     ACBP=48
 0634:01E6 000C C=DATA   S=_DATA          G=DGROUP  M=EXIT       ACBP=48
 0634:01F2 0190 C=DATA   S=_DATA          G=DGROUP  M=FILES      ACBP=48
 0634:0382 002A C=DATA   S=_DATA          G=DGROUP  M=FILES2     ACBP=48
 0634:03AC 0000 C=DATA   S=_DATA          G=DGROUP  M=F_LXMUL    ACBP=48
 0634:03AC 0000 C=DATA   S=_DATA          G=DGROUP  M=GETDATE    ACBP=48
 0634:03AC 0000 C=DATA   S=_DATA          G=DGROUP  M=H_LDIV     ACBP=48
 0634:03AC 0000 C=DATA   S=_DATA          G=DGROUP  M=H_LLSH     ACBP=48
 0634:03AC 0000 C=DATA   S=_DATA          G=DGROUP  M=H_LURSH    ACBP=48
 0634:03AC 0000 C=DATA   S=_DATA          G=DGROUP  M=H_PADD     ACBP=48
 0634:03AC 005B C=DATA   S=_DATA          G=DGROUP  M=IOERROR    ACBP=48
 0634:0408 0000 C=DATA   S=_DATA          G=DGROUP  M=ISATTY     ACBP=48
 0634:0408 0000 C=DATA   S=_DATA          G=DGROUP  M=LONGTOA    ACBP=48
 0634:0408 0000 C=DATA   S=_DATA          G=DGROUP  M=LSEEK      ACBP=48
 0634:0408 0000 C=DATA   S=_DATA          G=DGROUP  M=N_PCMP     ACBP=48
 0634:0408 0000 C=DATA   S=_DATA          G=DGROUP  M=SETUPIO    ACBP=48
 0634:0408 0002 C=DATA   S=_DATA          G=DGROUP  M=STKLEN     ACBP=48
 0634:040A 0067 C=DATA   S=_DATA          G=DGROUP  M=VPRINTER   ACBP=48
 0634:0472 0000 C=DATA   S=_DATA          G=DGROUP  M=VRAM       ACBP=48
 0634:0472 0002 C=DATA   S=_DATA          G=DGROUP  M=WSCROLL    ACBP=48
 0634:0474 0000 C=DATA   S=_DATA          G=DGROUP  M=CPRINTF    ACBP=48
 0634:0474 0018 C=DATA   S=_DATA          G=DGROUP  M=CRTINIT    ACBP=48
 0634:048C 0031 C=DATA   S=_DATA          G=DGROUP  M=CVTFAK     ACBP=48
 0634:04BE 0000 C=DATA   S=_DATA          G=DGROUP  M=FARHEAP    ACBP=48
 0634:04BE 0002 C=DATA   S=_DATA          G=DGROUP  M=FBRK       ACBP=48
 0634:04C0 0000 C=DATA   S=_DATA          G=DGROUP  M=GETCH      ACBP=48
 0634:04C0 0000 C=DATA   S=_DATA          G=DGROUP  M=GPTEXT     ACBP=48
 0634:04C0 0002 C=DATA   S=_DATA          G=DGROUP  M=KBHIT      ACBP=48
 0634:04C2 0000 C=DATA   S=_DATA          G=DGROUP  M=MOVETEXT   ACBP=48
 0634:04C2 0000 C=DATA   S=_DATA          G=DGROUP  M=PUTCH      ACBP=48
 0634:04C2 0000 C=DATA   S=_DATA          G=DGROUP  M=REALCVT    ACBP=48
 0634:04C2 0000 C=DATA   S=_DATA          G=DGROUP  M=SCREEN     ACBP=48
 0634:04C2 0000 C=DATA   S=_DATA          G=DGROUP  M=SCROLL     ACBP=48
 0634:04C2 0000 C=DATA   S=_DATA          G=DGROUP  M=SETBLOCK   ACBP=48
 0634:04C2 0000 C=DATA   S=_DATA          G=DGROUP  M=SETJMP     ACBP=48
 0634:04C2 0000 C=DATA   S=_DATA          G=DGROUP  M=WHEREXY    ACBP=48
 0634:04C2 0000 C=DATA   S=_DATA          G=DGROUP  M=FFLUSH     ACBP=48
 0634:04C2 0000 C=DATA   S=_DATA          G=DGROUP  M=FLUSHALL   ACBP=48
 0634:04C2 0000 C=DATA   S=_DATA          G=DGROUP  M=FSEEK      ACBP=48
 0634:04C2 0000 C=DATA   S=_DATA          G=DGROUP  M=MEMCPY     ACBP=48
 0634:04C2 0004 C=DATA   S=_DATA          G=DGROUP  M=SETVBUF    ACBP=48
 0634:04C6 0000 C=DATA   S=_DATA          G=DGROUP  M=SPRINTF    ACBP=48
 0634:04C6 0000 C=DATA   S=_DATA          G=DGROUP  M=WRITE      ACBP=48
 0634:04C6 0000 C=DATA   S=_DATA          G=DGROUP  M=WRITEA     ACBP=48
 0634:04C6 0000 C=DATA   S=_DATA          G=DGROUP  M=XFFLUSH    ACBP=48
 0634:04C6 0000 C=DATA   S=_CVTSEG        G=DGROUP  M=c0.ASM     ACBP=48
 0634:04C6 0002 C=DATA   S=_CVTSEG        G=DGROUP  M=CVTFAK     ACBP=48
 0634:04C8 0000 C=DATA   S=_CVTSEG        G=DGROUP  M=REALCVT    ACBP=48
 0634:04C8 0000 C=DATA   S=_SCNSEG        G=DGROUP  M=c0.ASM     ACBP=48
 0634:04C8 0006 C=DATA   S=_SCNSEG        G=DGROUP  M=CVTFAK     ACBP=48
 0634:04CE 0000 C=CONST  S=_CONST         G=DGROUP  M=c0.ASM     ACBP=48
 0634:04CE 0000 C=INITDATA S=_INIT_         G=DGROUP  M=c0.ASM     ACBP=48
 0634:04CE 0006 C=INITDATA S=_INIT_         G=DGROUP  M=SETUPIO    ACBP=48
 0634:04D4 0006 C=INITDATA S=_INIT_         G=DGROUP  M=CRTINIT    ACBP=48
 0634:04DA 0000 C=INITDATA S=_INITEND_      G=DGROUP  M=c0.ASM     ACBP=28
 0634:04DA 0000 C=EXITDATA S=_EXIT_         G=DGROUP  M=c0.ASM     ACBP=48
 0634:04DA 0000 C=EXITDATA S=_EXITEND_      G=DGROUP  M=c0.ASM     ACBP=28
 0634:04DA 0000 C=BSS    S=_BSS           G=DGROUP  M=c0.ASM     ACBP=48
 0634:04DA 1009 C=BSS    S=_BSS           G=DGROUP  M=test.c     ACBP=48
 0634:14E4 0001 C=BSS    S=_BSS           G=DGROUP  M=os_cpu_c.c ACBP=48
 0634:14E6 001B C=BSS    S=_BSS           G=DGROUP  M=pc.c       ACBP=48
 0634:1502 13F1 C=BSS    S=_BSS           G=DGROUP  M=ucos_ii.c  ACBP=48
 0634:28F4 0080 C=BSS    S=_BSS           G=DGROUP  M=ATEXIT     ACBP=48
 0634:2974 0000 C=BSS    S=_BSS           G=DGROUP  M=IOERROR    ACBP=48
 0634:2974 0000 C=BSS    S=_BSS           G=DGROUP  M=ISATTY     ACBP=48
 0634:2974 0000 C=BSS    S=_BSS           G=DGROUP  M=LONGTOA    ACBP=48
 0634:2974 0000 C=BSS    S=_BSS           G=DGROUP  M=LSEEK      ACBP=48
 0634:2974 0000 C=BSS    S=_BSS           G=DGROUP  M=SETUPIO    ACBP=48
 0634:2974 0000 C=BSS    S=_BSS           G=DGROUP  M=VPRINTER   ACBP=48
 0634:2974 0000 C=BSS    S=_BSS           G=DGROUP  M=VRAM       ACBP=48
 0634:2974 0000 C=BSS    S=_BSS           G=DGROUP  M=CRTINIT    ACBP=48
 0634:2974 0000 C=BSS    S=_BSS           G=DGROUP  M=GETCH      ACBP=48
 0634:2974 0000 C=BSS    S=_BSS           G=DGROUP  M=KBHIT      ACBP=48
 0634:2974 0000 C=BSS    S=_BSS           G=DGROUP  M=SETBLOCK   ACBP=48
 0634:2974 0000 C=BSS    S=_BSS           G=DGROUP  M=SETJMP     ACBP=48
 0634:2974 0000 C=BSS    S=_BSS           G=DGROUP  M=MEMCPY     ACBP=48
 0634:2974 0000 C=BSS    S=_BSS           G=DGROUP  M=WRITEA     ACBP=48
 0634:2974 0000 C=BSSEND S=_BSSEND        G=DGROUP  M=c0.ASM     ACBP=28
 08CC:0000 0080 C=STACK  S=_STACK         G=(none)  M=c0.ASM     ACBP=74

  Address         Publics by Name

 0634:0000 idle  DATASEG@
 0000:0291 idle  DGROUP@
 0000:0395 idle  F_LDIV@
 0000:03A4 idle  F_LMOD@
 0000:039C       F_LUDIV@
 0000:03AC idle  F_LUMOD@
 0000:0443       F_LXLSH@
 0000:0355       F_LXMUL@
 0000:0464       F_LXURSH@
 0000:0485 idle  F_PADD@
 0000:04B4 idle  F_PSUB@
 0000:0395 idle  LDIV@
 0000:03A4 idle  LMOD@
 0000:039C idle  LUDIV@
 0000:03AC idle  LUMOD@
 0000:0443 idle  LXLSH@
 0000:0355 idle  LXMUL@
 0000:0464 idle  LXURSH@
 0000:0392 idle  N_LDIV@
 0000:03A1 idle  N_LMOD@
 0000:0399 idle  N_LUDIV@
 0000:03A9 idle  N_LUMOD@
 0000:0440       N_LXLSH@
 0000:0461 idle  N_LXURSH@
 0000:0482       N_PADD@
 0000:0609       N_PCMP@
 0000:04B1 idle  N_PSUB@
 0000:0485 idle  PADD@
 0000:04B4 idle  PSUB@
 0000:027A       _abort
 0000:0295 idle  _atexit
 0634:21F2       _BufferIndex
 0000:0D90 idle  _cprintf
 0634:0483       _directvideo
 0634:007F       _errno
 0634:23F3       _event
 0000:031A       _exit
 0000:10B0 idle  _farfree
 0000:11C4 idle  _farmalloc
 0000:1328 idle  _farrealloc
 0000:1ABD       _fflush
 0000:1B8A       _flushall
 0000:10B0       _free
 0634:22F3       _from
 0000:1C4E       _fseek
 0000:1CCE idle  _ftell
 0000:14E2       _getch
 0000:14FE idle  _getche
 0000:036C       _getdate
 0000:1540       _gettext
 0000:037F       _gettime
 0000:052D       _isatty
 0000:15EC       _kbhit
 0000:1A5D       _longjmp
 0000:05E0       _lseek
 0213:0007       _main
 0000:11BA       _malloc
 0000:1DAE       _memcpy
 0000:15FE       _movetext
 0634:20AE idle  _OSCPUUsage
 0248:002A       _OSCtxSw
 0634:20EE       _OSCtxSwCtr
 0634:20EA idle  _OSEventFreeList
 0634:20D6 idle  _OSEventTbl
 02AB:09CF idle  _OSFlagAccept
 02AB:0B01 idle  _OSFlagCreate
 02AB:0B79 idle  _OSFlagDel
 0634:20AF idle  _OSFlagFreeList
 02AB:0CBB idle  _OSFlagPend
 02AB:0F15 idle  _OSFlagPost
 02AB:10B5 idle  _OSFlagQuery
 0634:20B3 idle  _OSFlagTbl
 0634:1C97 idle  _OSIdleCtr
 0634:20AA idle  _OSIdleCtrMax
 0634:20A6 idle  _OSIdleCtrRun
 02AB:0005       _OSInit
 0256:0002       _OSInitHookBegin
 0256:0003       _OSInitHookEnd
 0248:0065       _OSIntCtxSw
 02AB:003D idle  _OSIntEnter
 02AB:0050       _OSIntExit
 0634:1CA3 idle  _OSIntExitY
 0634:1CA4       _OSIntNesting
 0634:1CA2 idle  _OSLockNesting
 0634:00DC idle  _OSMapTbl
 02AB:1345 idle  _OSMboxAccept
 02AB:1390 idle  _OSMboxCreate
 02AB:1405 idle  _OSMboxDel
 02AB:1523 idle  _OSMboxPend
 02AB:1625 idle  _OSMboxPost
 02AB:169D idle  _OSMboxPostOpt
 02AB:1740 idle  _OSMboxQuery
 02AB:17CE idle  _OSMemCreate
 0634:159E idle  _OSMemFreeList
 02AB:1919 idle  _OSMemGet
 02AB:1997 idle  _OSMemPut
 02AB:1A07 idle  _OSMemQuery
 0634:153A idle  _OSMemTbl
 02AB:1B54 idle  _OSMutexAccept
 02AB:1BDF idle  _OSMutexCreate
 02AB:1CC5 idle  _OSMutexDel
 02AB:1E1F idle  _OSMutexPend
 02AB:200A idle  _OSMutexPost
 02AB:2192 idle  _OSMutexQuery
 0634:1CA1       _OSPrioCur
 0634:1CA0       _OSPrioHighRdy
 02AB:2247 idle  _OSQAccept
 02AB:22E7 idle  _OSQCreate
 02AB:240A idle  _OSQDel
 02AB:2587 idle  _OSQFlush
 0634:1536 idle  _OSQFreeList
 02AB:25DF idle  _OSQPend
 02AB:2725 idle  _OSQPost
 02AB:27ED idle  _OSQPostFront
 02AB:28AF idle  _OSQPostOpt
 02AB:29ED idle  _OSQQuery
 0634:1506 idle  _OSQTbl
 0634:1C9F idle  _OSRdyGrp
 0634:1C9D idle  _OSRdyTbl
 0634:1C9C       _OSRunning
 02AB:0183 idle  _OSSchedLock
 02AB:0199 idle  _OSSchedUnlock
 02AB:2B12 idle  _OSSemAccept
 02AB:2B44 idle  _OSSemCreate
 02AB:2BB8 idle  _OSSemDel
 02AB:2CD6 idle  _OSSemPend
 02AB:2D86 idle  _OSSemPost
 02AB:2DE0 idle  _OSSemQuery
 02AB:01C6       _OSStart
 0248:000C       _OSStartHighRdy
 02AB:0225       _OSStatInit
 0634:20A5 idle  _OSStatRdy
 02AB:2E66 idle  _OSTaskChangePrio
 02AB:3032       _OSTaskCreate
 02AB:30EF idle  _OSTaskCreateExt
 0256:0004       _OSTaskCreateHook
 0634:1C9B idle  _OSTaskCtr
 02AB:31DF idle  _OSTaskDel
 0256:0009       _OSTaskDelHook
 02AB:33BE idle  _OSTaskDelReq
 0256:000E       _OSTaskIdleHook
 0634:1897 idle  _OSTaskIdleStk
 02AB:363C idle  _OSTaskQuery
 02AB:342A idle  _OSTaskResume
 0256:000F       _OSTaskStatHook
 0634:1CA5 idle  _OSTaskStatStk
 02AB:34A9 idle  _OSTaskStkChk
 0256:0010       _OSTaskStkInit
 0256:00F6 idle  _OSTaskStkInit_FPE_x86
 02AB:358E idle  _OSTaskSuspend
 0256:01D1       _OSTaskSwHook
 0634:1893       _OSTCBCur
 0634:188F idle  _OSTCBFreeList
 0634:188B       _OSTCBHighRdy
 0256:01D2       _OSTCBInitHook
 0634:1887 idle  _OSTCBList
 0634:1853 idle  _OSTCBPrioTbl
 0634:15A2 idle  _OSTCBTbl
 0634:14E4       _OSTickDOSCtr
 0248:0092       _OSTickISR
 0634:1502 idle  _OSTime
 02AB:36AA       _OSTimeDly
 02AB:36F1       _OSTimeDlyHMSM
 02AB:37E0 idle  _OSTimeDlyResume
 02AB:3858       _OSTimeGet
 02AB:3877       _OSTimeSet
 02AB:0260       _OSTimeTick
 0256:01D7       _OSTimeTickHook
 0634:00E4 idle  _OSUnMapTbl
 02AB:02FF idle  _OSVersion
 02AB:0303 idle  _OS_Dummy
 02AB:0304 idle  _OS_EventTaskRdy
 02AB:03CE idle  _OS_EventTaskWait
 02AB:043B idle  _OS_EventTO
 02AB:048F idle  _OS_EventWaitListInit
 02AB:11D7 idle  _OS_FlagInit
 02AB:1296 idle  _OS_FlagUnlink
 02AB:1AB0 idle  _OS_MemInit
 02AB:2AC2 idle  _OS_QInit
 02AB:0689 idle  _OS_Sched
 02AB:074B idle  _OS_TaskIdle
 02AB:0770 idle  _OS_TaskStat
 02AB:083C idle  _OS_TCBInit
 0273:0008 idle  _PC_DispChar
 0273:0046 idle  _PC_DispClrCol
 0273:008C idle  _PC_DispClrRow
 0273:00C5 idle  _PC_DispClrScr
 0273:00F6       _PC_DispStr
 0273:0145       _PC_DOSReturn
 0273:0159       _PC_DOSSaveReturn
 0273:01C7 idle  _PC_ElapsedInit
 0273:01DB idle  _PC_ElapsedStart
 0273:0201 idle  _PC_ElapsedStop
 0273:0252 idle  _PC_GetDateTime
 0273:02A5       _PC_GetKey
 0273:02CC       _PC_SetTickRate
 0634:14E6 idle  _PC_TickISR
 0273:0319 idle  _PC_VectGet
 0273:0350       _PC_VectSet
 0213:0246 idle  _PrintInfo
 0000:169B       _putch
 0000:1596       _puttext
 0634:04DC idle  _RandomSem
 0000:1321 idle  _realloc
 0000:1A0B       _setblock
 0000:1A27       _setjmp
 0000:1DD2       _setvbuf
 0000:1F2F       _sprintf
 0213:0141 idle  _Task
 0634:04E0 idle  _TaskData
 0213:00A3 idle  _TaskStart
 0634:04E3 idle  _TaskStartStk
 0634:08E3 idle  _TaskStk
 0634:04DA idle  _tick_id
 0634:24F3       _TimeTick
 0634:21F3       _to
 0000:1522 idle  _ungetch
 0634:20F2       _v
 0000:1F51 idle  _vsprintf
 0000:1A9B idle  _wherex
 0000:1AAA idle  _wherey
 0000:1000 idle  __AHINCR
 0000:000C idle  __AHSHIFT
 0634:01E4       __atexitcnt
 0634:28F4       __atexittbl
 0000:1418       __brk
 0634:008B       __brklvl
 0634:006B idle  __C0argc
 0634:006D idle  __C0argv
 0000:0E72 idle  __c0crtinit
 0634:0071 idle  __C0environ
 0634:04C1       __cChar
 0000:033B idle  __cexit
 0634:04C0       __cFlag
 0000:016A       __checknull
 0000:0157       __cleanup
 0000:0C5E       __CPUTN
 0000:0E8F idle  __crtinit
 0000:0000  Abs  __cvtfak
 0000:0349 idle  __c_exit
 0634:03AC idle  __doserrno
 0000:051B idle  __DOSERROR
 0634:03AE idle  __dosErrorToSV
 0634:0075 idle  __envLng
 0634:0077 idle  __envseg
 0634:0079 idle  __envSize
 0000:0329       __exit
 0634:01E6       __exitbuf
 0634:01EA idle  __exitfopen
 0634:01EE idle  __exitopen
 0634:0087       __heapbase
 0634:008F       __heaptop
 0634:005B idle  __Int0Vector
 0634:005F idle  __Int4Vector
 0634:0063 idle  __Int5Vector
 0634:0067 idle  __Int6Vector
 0000:04E2       __IOERROR
 0000:053E       __LONGTOA
 0000:0293 idle  __MMODEL
 0634:0382       __nfile
 0000:14FB idle  __Ngetche
 0000:151F idle  __Nungetch
 0634:0384       __openfd
 0634:007D idle  __osmajor
 0634:007E idle  __osminor
 0634:007D idle  __osversion
 0634:007B       __psp
 0000:16B2       __REALCVT
 0634:04C6       __RealCvtVector
 0000:01C0       __restorezero
 0000:1457       __sbrk
 0634:04C8 idle  __ScanTodVector
 0000:17EC       __SCREENIO
 0000:189F       __SCROLL
 0000:062A       __setupio
 0634:0081 idle  __StartTime
 0634:0408       __stklen
 0634:01F2       __streams
 0000:016B       __terminate
 0000:0000 idle  __turboCrt
 0000:05C0 idle  __UTOA
 0000:1828       __VALIDATEXY
 0634:007D idle  __version
 0634:0474       __video
 0000:0DE7       __VideoInt
 0000:06FC       __VPRINTER
 0000:0BBF       __VPTR
 0000:0BE4       __VRAM
 0000:1A91       __wherexy
 0000:20C3       __write
 0634:0472       __wscroll
 0000:20FF       __xfflush
 0634:0085 idle  ___brklvl
 0000:0F70 idle  ___first
 0000:0F72 idle  ___last
 0000:0F74 idle  ___rover
 0000:1F72       ___write

  Address         Publics by Value

 0000:0000 idle  __turboCrt
 0000:0000  Abs  __cvtfak
 0000:000C idle  __AHSHIFT
 0000:0157       __cleanup
 0000:016A       __checknull
 0000:016B       __terminate
 0000:01C0       __restorezero
 0000:027A       _abort
 0000:0291 idle  DGROUP@
 0000:0293 idle  __MMODEL
 0000:0295 idle  _atexit
 0000:031A       _exit
 0000:0329       __exit
 0000:033B idle  __cexit
 0000:0349 idle  __c_exit
 0000:0355       F_LXMUL@
 0000:0355 idle  LXMUL@
 0000:036C       _getdate
 0000:037F       _gettime
 0000:0392 idle  N_LDIV@
 0000:0395 idle  LDIV@
 0000:0395 idle  F_LDIV@
 0000:0399 idle  N_LUDIV@
 0000:039C       F_LUDIV@
 0000:039C idle  LUDIV@
 0000:03A1 idle  N_LMOD@
 0000:03A4 idle  F_LMOD@
 0000:03A4 idle  LMOD@
 0000:03A9 idle  N_LUMOD@
 0000:03AC idle  LUMOD@
 0000:03AC idle  F_LUMOD@
 0000:0440       N_LXLSH@
 0000:0443       F_LXLSH@
 0000:0443 idle  LXLSH@
 0000:0461 idle  N_LXURSH@
 0000:0464       F_LXURSH@
 0000:0464 idle  LXURSH@
 0000:0482       N_PADD@
 0000:0485 idle  F_PADD@
 0000:0485 idle  PADD@
 0000:04B1 idle  N_PSUB@
 0000:04B4 idle  F_PSUB@
 0000:04B4 idle  PSUB@
 0000:04E2       __IOERROR
 0000:051B idle  __DOSERROR
 0000:052D       _isatty
 0000:053E       __LONGTOA
 0000:05C0 idle  __UTOA
 0000:05E0       _lseek
 0000:0609       N_PCMP@
 0000:062A       __setupio
 0000:06FC       __VPRINTER
 0000:0BBF       __VPTR
 0000:0BE4       __VRAM
 0000:0C5E       __CPUTN
 0000:0D90 idle  _cprintf
 0000:0DE7       __VideoInt
 0000:0E72 idle  __c0crtinit
 0000:0E8F idle  __crtinit
 0000:0F70 idle  ___first
 0000:0F72 idle  ___last
 0000:0F74 idle  ___rover
 0000:1000 idle  __AHINCR
 0000:10B0       _free
 0000:10B0 idle  _farfree
 0000:11BA       _malloc
 0000:11C4 idle  _farmalloc
 0000:1321 idle  _realloc
 0000:1328 idle  _farrealloc
 0000:1418       __brk
 0000:1457       __sbrk
 0000:14E2       _getch
 0000:14FB idle  __Ngetche
 0000:14FE idle  _getche
 0000:151F idle  __Nungetch
 0000:1522 idle  _ungetch
 0000:1540       _gettext
 0000:1596       _puttext
 0000:15EC       _kbhit
 0000:15FE       _movetext
 0000:169B       _putch
 0000:16B2       __REALCVT
 0000:17EC       __SCREENIO
 0000:1828       __VALIDATEXY
 0000:189F       __SCROLL
 0000:1A0B       _setblock
 0000:1A27       _setjmp
 0000:1A5D       _longjmp
 0000:1A91       __wherexy
 0000:1A9B idle  _wherex
 0000:1AAA idle  _wherey
 0000:1ABD       _fflush
 0000:1B8A       _flushall
 0000:1C4E       _fseek
 0000:1CCE idle  _ftell
 0000:1DAE       _memcpy
 0000:1DD2       _setvbuf
 0000:1F2F       _sprintf
 0000:1F51 idle  _vsprintf
 0000:1F72       ___write
 0000:20C3       __write
 0000:20FF       __xfflush
 0213:0007       _main
 0213:00A3 idle  _TaskStart
 0213:0141 idle  _Task
 0213:0246 idle  _PrintInfo
 0248:000C       _OSStartHighRdy
 0248:002A       _OSCtxSw
 0248:0065       _OSIntCtxSw
 0248:0092       _OSTickISR
 0256:0002       _OSInitHookBegin
 0256:0003       _OSInitHookEnd
 0256:0004       _OSTaskCreateHook
 0256:0009       _OSTaskDelHook
 0256:000E       _OSTaskIdleHook
 0256:000F       _OSTaskStatHook
 0256:0010       _OSTaskStkInit
 0256:00F6 idle  _OSTaskStkInit_FPE_x86
 0256:01D1       _OSTaskSwHook
 0256:01D2       _OSTCBInitHook
 0256:01D7       _OSTimeTickHook
 0273:0008 idle  _PC_DispChar
 0273:0046 idle  _PC_DispClrCol
 0273:008C idle  _PC_DispClrRow
 0273:00C5 idle  _PC_DispClrScr
 0273:00F6       _PC_DispStr
 0273:0145       _PC_DOSReturn
 0273:0159       _PC_DOSSaveReturn
 0273:01C7 idle  _PC_ElapsedInit
 0273:01DB idle  _PC_ElapsedStart
 0273:0201 idle  _PC_ElapsedStop
 0273:0252 idle  _PC_GetDateTime
 0273:02A5       _PC_GetKey
 0273:02CC       _PC_SetTickRate
 0273:0319 idle  _PC_VectGet
 0273:0350       _PC_VectSet
 02AB:0005       _OSInit
 02AB:003D idle  _OSIntEnter
 02AB:0050       _OSIntExit
 02AB:0183 idle  _OSSchedLock
 02AB:0199 idle  _OSSchedUnlock
 02AB:01C6       _OSStart
 02AB:0225       _OSStatInit
 02AB:0260       _OSTimeTick
 02AB:02FF idle  _OSVersion
 02AB:0303 idle  _OS_Dummy
 02AB:0304 idle  _OS_EventTaskRdy
 02AB:03CE idle  _OS_EventTaskWait
 02AB:043B idle  _OS_EventTO
 02AB:048F idle  _OS_EventWaitListInit
 02AB:0689 idle  _OS_Sched
 02AB:074B idle  _OS_TaskIdle
 02AB:0770 idle  _OS_TaskStat
 02AB:083C idle  _OS_TCBInit
 02AB:09CF idle  _OSFlagAccept
 02AB:0B01 idle  _OSFlagCreate
 02AB:0B79 idle  _OSFlagDel
 02AB:0CBB idle  _OSFlagPend
 02AB:0F15 idle  _OSFlagPost
 02AB:10B5 idle  _OSFlagQuery
 02AB:11D7 idle  _OS_FlagInit
 02AB:1296 idle  _OS_FlagUnlink
 02AB:1345 idle  _OSMboxAccept
 02AB:1390 idle  _OSMboxCreate
 02AB:1405 idle  _OSMboxDel
 02AB:1523 idle  _OSMboxPend
 02AB:1625 idle  _OSMboxPost
 02AB:169D idle  _OSMboxPostOpt
 02AB:1740 idle  _OSMboxQuery
 02AB:17CE idle  _OSMemCreate
 02AB:1919 idle  _OSMemGet
 02AB:1997 idle  _OSMemPut
 02AB:1A07 idle  _OSMemQuery
 02AB:1AB0 idle  _OS_MemInit
 02AB:1B54 idle  _OSMutexAccept
 02AB:1BDF idle  _OSMutexCreate
 02AB:1CC5 idle  _OSMutexDel
 02AB:1E1F idle  _OSMutexPend
 02AB:200A idle  _OSMutexPost
 02AB:2192 idle  _OSMutexQuery
 02AB:2247 idle  _OSQAccept
 02AB:22E7 idle  _OSQCreate
 02AB:240A idle  _OSQDel
 02AB:2587 idle  _OSQFlush
 02AB:25DF idle  _OSQPend
 02AB:2725 idle  _OSQPost
 02AB:27ED idle  _OSQPostFront
 02AB:28AF idle  _OSQPostOpt
 02AB:29ED idle  _OSQQuery
 02AB:2AC2 idle  _OS_QInit
 02AB:2B12 idle  _OSSemAccept
 02AB:2B44 idle  _OSSemCreate
 02AB:2BB8 idle  _OSSemDel
 02AB:2CD6 idle  _OSSemPend
 02AB:2D86 idle  _OSSemPost
 02AB:2DE0 idle  _OSSemQuery
 02AB:2E66 idle  _OSTaskChangePrio
 02AB:3032       _OSTaskCreate
 02AB:30EF idle  _OSTaskCreateExt
 02AB:31DF idle  _OSTaskDel
 02AB:33BE idle  _OSTaskDelReq
 02AB:342A idle  _OSTaskResume
 02AB:34A9 idle  _OSTaskStkChk
 02AB:358E idle  _OSTaskSuspend
 02AB:363C idle  _OSTaskQuery
 02AB:36AA       _OSTimeDly
 02AB:36F1       _OSTimeDlyHMSM
 02AB:37E0 idle  _OSTimeDlyResume
 02AB:3858       _OSTimeGet
 02AB:3877       _OSTimeSet
 0634:0000 idle  DATASEG@
 0634:005B idle  __Int0Vector
 0634:005F idle  __Int4Vector
 0634:0063 idle  __Int5Vector
 0634:0067 idle  __Int6Vector
 0634:006B idle  __C0argc
 0634:006D idle  __C0argv
 0634:0071 idle  __C0environ
 0634:0075 idle  __envLng
 0634:0077 idle  __envseg
 0634:0079 idle  __envSize
 0634:007B       __psp
 0634:007D idle  __osversion
 0634:007D idle  __osmajor
 0634:007D idle  __version
 0634:007E idle  __osminor
 0634:007F       _errno
 0634:0081 idle  __StartTime
 0634:0085 idle  ___brklvl
 0634:0087       __heapbase
 0634:008B       __brklvl
 0634:008F       __heaptop
 0634:00DC idle  _OSMapTbl
 0634:00E4 idle  _OSUnMapTbl
 0634:01E4       __atexitcnt
 0634:01E6       __exitbuf
 0634:01EA idle  __exitfopen
 0634:01EE idle  __exitopen
 0634:01F2       __streams
 0634:0382       __nfile
 0634:0384       __openfd
 0634:03AC idle  __doserrno
 0634:03AE idle  __dosErrorToSV
 0634:0408       __stklen
 0634:0472       __wscroll
 0634:0474       __video
 0634:0483       _directvideo
 0634:04C0       __cFlag
 0634:04C1       __cChar
 0634:04C6       __RealCvtVector
 0634:04C8 idle  __ScanTodVector
 0634:04DA idle  _tick_id
 0634:04DC idle  _RandomSem
 0634:04E0 idle  _TaskData
 0634:04E3 idle  _TaskStartStk
 0634:08E3 idle  _TaskStk
 0634:14E4       _OSTickDOSCtr
 0634:14E6 idle  _PC_TickISR
 0634:1502 idle  _OSTime
 0634:1506 idle  _OSQTbl
 0634:1536 idle  _OSQFreeList
 0634:153A idle  _OSMemTbl
 0634:159E idle  _OSMemFreeList
 0634:15A2 idle  _OSTCBTbl
 0634:1853 idle  _OSTCBPrioTbl
 0634:1887 idle  _OSTCBList
 0634:188B       _OSTCBHighRdy
 0634:188F idle  _OSTCBFreeList
 0634:1893       _OSTCBCur
 0634:1897 idle  _OSTaskIdleStk
 0634:1C97 idle  _OSIdleCtr
 0634:1C9B idle  _OSTaskCtr
 0634:1C9C       _OSRunning
 0634:1C9D idle  _OSRdyTbl
 0634:1C9F idle  _OSRdyGrp
 0634:1CA0       _OSPrioHighRdy
 0634:1CA1       _OSPrioCur
 0634:1CA2 idle  _OSLockNesting
 0634:1CA3 idle  _OSIntExitY
 0634:1CA4       _OSIntNesting
 0634:1CA5 idle  _OSTaskStatStk
 0634:20A5 idle  _OSStatRdy
 0634:20A6 idle  _OSIdleCtrRun
 0634:20AA idle  _OSIdleCtrMax
 0634:20AE idle  _OSCPUUsage
 0634:20AF idle  _OSFlagFreeList
 0634:20B3 idle  _OSFlagTbl
 0634:20D6 idle  _OSEventTbl
 0634:20EA idle  _OSEventFreeList
 0634:20EE       _OSCtxSwCtr
 0634:20F2       _v
 0634:21F2       _BufferIndex
 0634:21F3       _to
 0634:22F3       _from
 0634:23F3       _event
 0634:24F3       _TimeTick
 0634:28F4       __atexittbl

Program entry point at 0000:0000

