
 Start  Stop   Length Name               Class

 00000H 02136H 02137H _TEXT              CODE
 02137H 026A8H 00572H TEST_TEXT          CODE
 026AAH 0277FH 000D6H OS_CPU_A_TEXT      CODE
 02780H 02955H 001D6H OS_CPU_C_TEXT      CODE
 02956H 02CD2H 0037DH PC_TEXT            CODE
 02CD3H 066B0H 039DEH UCOS_II_TEXT       CODE
 066C0H 066C0H 00000H _FARDATA           FAR_DATA
 066C0H 066C0H 00000H _FARBSS            FAR_BSS
 066C0H 066C0H 00000H _OVERLAY_          OVRINFO
 066C0H 066C0H 00000H _1STUB_            STUBSEG
 066C0H 06B85H 004C6H _DATA              DATA
 06B86H 06B87H 00002H _CVTSEG            DATA
 06B88H 06B8DH 00006H _SCNSEG            DATA
 06B8EH 06B8EH 00000H _CONST             CONST
 06B8EH 06B99H 0000CH _INIT_             INITDATA
 06B9AH 06B9AH 00000H _INITEND_          INITDATA
 06B9AH 06B9AH 00000H _EXIT_             EXITDATA
 06B9AH 06B9AH 00000H _EXITEND_          EXITDATA
 06B9AH 09067H 024CEH _BSS               BSS
 09068H 09068H 00000H _BSSEND            BSSEND
 09070H 090EFH 00080H _STACK             STACK


Detailed map of segments

 0000:0000 0295 C=CODE   S=_TEXT          G=(none)  M=c0.ASM     ACBP=28
 0000:0295 002D C=CODE   S=_TEXT          G=(none)  M=ATEXIT     ACBP=28
 0000:02C2 0093 C=CODE   S=_TEXT          G=(none)  M=EXIT       ACBP=28
 0000:0355 0000 C=CODE   S=_TEXT          G=(none)  M=FILES      ACBP=28
 0000:0355 0000 C=CODE   S=_TEXT          G=(none)  M=FILES2     ACBP=28
 0000:0355 0017 C=CODE   S=_TEXT          G=(none)  M=F_LXMUL    ACBP=28
 0000:036C 0026 C=CODE   S=_TEXT          G=(none)  M=GETDATE    ACBP=28
 0000:0392 00AE C=CODE   S=_TEXT          G=(none)  M=H_LDIV     ACBP=28
 0000:0440 0021 C=CODE   S=_TEXT          G=(none)  M=H_LLSH     ACBP=28
 0000:0461 0021 C=CODE   S=_TEXT          G=(none)  M=H_LURSH    ACBP=28
 0000:0482 0060 C=CODE   S=_TEXT          G=(none)  M=H_PADD     ACBP=28
 0000:04E2 004B C=CODE   S=_TEXT          G=(none)  M=IOERROR    ACBP=28
 0000:052D 0011 C=CODE   S=_TEXT          G=(none)  M=ISATTY     ACBP=28
 0000:053E 00A2 C=CODE   S=_TEXT          G=(none)  M=LONGTOA    ACBP=28
 0000:05E0 0029 C=CODE   S=_TEXT          G=(none)  M=LSEEK      ACBP=28
 0000:0609 0021 C=CODE   S=_TEXT          G=(none)  M=N_PCMP     ACBP=28
 0000:062A 00BA C=CODE   S=_TEXT          G=(none)  M=SETUPIO    ACBP=28
 0000:06E4 0000 C=CODE   S=_TEXT          G=(none)  M=STKLEN     ACBP=28
 0000:06E4 04DB C=CODE   S=_TEXT          G=(none)  M=VPRINTER   ACBP=28
 0000:0BBF 009F C=CODE   S=_TEXT          G=(none)  M=VRAM       ACBP=28
 0000:0C5E 0000 C=CODE   S=_TEXT          G=(none)  M=WSCROLL    ACBP=28
 0000:0C5E 014E C=CODE   S=_TEXT          G=(none)  M=CPRINTF    ACBP=28
 0000:0DAC 01A5 C=CODE   S=_TEXT          G=(none)  M=CRTINIT    ACBP=28
 0000:0F51 001F C=CODE   S=_TEXT          G=(none)  M=CVTFAK     ACBP=28
 0000:0F70 0432 C=CODE   S=_TEXT          G=(none)  M=FARHEAP    ACBP=28
 0000:13A2 0140 C=CODE   S=_TEXT          G=(none)  M=FBRK       ACBP=28
 0000:14E2 005E C=CODE   S=_TEXT          G=(none)  M=GETCH      ACBP=28
 0000:1540 00AC C=CODE   S=_TEXT          G=(none)  M=GPTEXT     ACBP=28
 0000:15EC 0012 C=CODE   S=_TEXT          G=(none)  M=KBHIT      ACBP=28
 0000:15FE 009D C=CODE   S=_TEXT          G=(none)  M=MOVETEXT   ACBP=28
 0000:169B 0017 C=CODE   S=_TEXT          G=(none)  M=PUTCH      ACBP=28
 0000:16B2 0004 C=CODE   S=_TEXT          G=(none)  M=REALCVT    ACBP=28
 0000:16B6 01C7 C=CODE   S=_TEXT          G=(none)  M=SCREEN     ACBP=28
 0000:187D 018E C=CODE   S=_TEXT          G=(none)  M=SCROLL     ACBP=28
 0000:1A0B 001C C=CODE   S=_TEXT          G=(none)  M=SETBLOCK   ACBP=28
 0000:1A27 006A C=CODE   S=_TEXT          G=(none)  M=SETJMP     ACBP=28
 0000:1A91 002C C=CODE   S=_TEXT          G=(none)  M=WHEREXY    ACBP=28
 0000:1ABD 00CD C=CODE   S=_TEXT          G=(none)  M=FFLUSH     ACBP=28
 0000:1B8A 0042 C=CODE   S=_TEXT          G=(none)  M=FLUSHALL   ACBP=28
 0000:1BCC 01E2 C=CODE   S=_TEXT          G=(none)  M=FSEEK      ACBP=28
 0000:1DAE 0024 C=CODE   S=_TEXT          G=(none)  M=MEMCPY     ACBP=28
 0000:1DD2 011D C=CODE   S=_TEXT          G=(none)  M=SETVBUF    ACBP=28
 0000:1EEF 0083 C=CODE   S=_TEXT          G=(none)  M=SPRINTF    ACBP=28
 0000:1F72 0151 C=CODE   S=_TEXT          G=(none)  M=WRITE      ACBP=28
 0000:20C3 003C C=CODE   S=_TEXT          G=(none)  M=WRITEA     ACBP=28
 0000:20FF 0038 C=CODE   S=_TEXT          G=(none)  M=XFFLUSH    ACBP=28
 0213:0007 0572 C=CODE   S=TEST_TEXT      G=(none)  M=test.c     ACBP=28
 026A:000A 00D6 C=CODE   S=OS_CPU_A_TEXT  G=(none)  M=\SOFTWARE\uCOS-II\Ix86L\BC45\OS_CPU_A.ASM ACBP=48
 0278:0000 01D6 C=CODE   S=OS_CPU_C_TEXT  G=(none)  M=os_cpu_c.c ACBP=28
 0295:0006 037D C=CODE   S=PC_TEXT        G=(none)  M=pc.c       ACBP=28
 02CD:0003 39DE C=CODE   S=UCOS_II_TEXT   G=(none)  M=ucos_ii.c  ACBP=28
 066C:0000 0000 C=FAR_DATA S=_FARDATA       G=(none)  M=c0.ASM     ACBP=68
 066C:0000 0000 C=FAR_BSS S=_FARBSS        G=(none)  M=c0.ASM     ACBP=68
 066C:0000 0000 C=OVRINFO S=_OVERLAY_      G=(none)  M=c0.ASM     ACBP=68
 066C:0000 0000 C=STUBSEG S=_1STUB_        G=(none)  M=c0.ASM     ACBP=68
 066C:0000 0093 C=DATA   S=_DATA          G=DGROUP  M=c0.ASM     ACBP=68
 066C:0094 0028 C=DATA   S=_DATA          G=DGROUP  M=test.c     ACBP=48
 066C:00BC 0000 C=DATA   S=_DATA          G=DGROUP  M=\SOFTWARE\uCOS-II\Ix86L\BC45\OS_CPU_A.ASM ACBP=48
 066C:00BC 0000 C=DATA   S=_DATA          G=DGROUP  M=os_cpu_c.c ACBP=48
 066C:00BC 001F C=DATA   S=_DATA          G=DGROUP  M=pc.c       ACBP=48
 066C:00DC 0108 C=DATA   S=_DATA          G=DGROUP  M=ucos_ii.c  ACBP=48
 066C:01E4 0002 C=DATA   S=_DATA          G=DGROUP  M=ATEXIT     ACBP=48
 066C:01E6 000C C=DATA   S=_DATA          G=DGROUP  M=EXIT       ACBP=48
 066C:01F2 0190 C=DATA   S=_DATA          G=DGROUP  M=FILES      ACBP=48
 066C:0382 002A C=DATA   S=_DATA          G=DGROUP  M=FILES2     ACBP=48
 066C:03AC 0000 C=DATA   S=_DATA          G=DGROUP  M=F_LXMUL    ACBP=48
 066C:03AC 0000 C=DATA   S=_DATA          G=DGROUP  M=GETDATE    ACBP=48
 066C:03AC 0000 C=DATA   S=_DATA          G=DGROUP  M=H_LDIV     ACBP=48
 066C:03AC 0000 C=DATA   S=_DATA          G=DGROUP  M=H_LLSH     ACBP=48
 066C:03AC 0000 C=DATA   S=_DATA          G=DGROUP  M=H_LURSH    ACBP=48
 066C:03AC 0000 C=DATA   S=_DATA          G=DGROUP  M=H_PADD     ACBP=48
 066C:03AC 005B C=DATA   S=_DATA          G=DGROUP  M=IOERROR    ACBP=48
 066C:0408 0000 C=DATA   S=_DATA          G=DGROUP  M=ISATTY     ACBP=48
 066C:0408 0000 C=DATA   S=_DATA          G=DGROUP  M=LONGTOA    ACBP=48
 066C:0408 0000 C=DATA   S=_DATA          G=DGROUP  M=LSEEK      ACBP=48
 066C:0408 0000 C=DATA   S=_DATA          G=DGROUP  M=N_PCMP     ACBP=48
 066C:0408 0000 C=DATA   S=_DATA          G=DGROUP  M=SETUPIO    ACBP=48
 066C:0408 0002 C=DATA   S=_DATA          G=DGROUP  M=STKLEN     ACBP=48
 066C:040A 0067 C=DATA   S=_DATA          G=DGROUP  M=VPRINTER   ACBP=48
 066C:0472 0000 C=DATA   S=_DATA          G=DGROUP  M=VRAM       ACBP=48
 066C:0472 0002 C=DATA   S=_DATA          G=DGROUP  M=WSCROLL    ACBP=48
 066C:0474 0000 C=DATA   S=_DATA          G=DGROUP  M=CPRINTF    ACBP=48
 066C:0474 0018 C=DATA   S=_DATA          G=DGROUP  M=CRTINIT    ACBP=48
 066C:048C 0031 C=DATA   S=_DATA          G=DGROUP  M=CVTFAK     ACBP=48
 066C:04BE 0000 C=DATA   S=_DATA          G=DGROUP  M=FARHEAP    ACBP=48
 066C:04BE 0002 C=DATA   S=_DATA          G=DGROUP  M=FBRK       ACBP=48
 066C:04C0 0000 C=DATA   S=_DATA          G=DGROUP  M=GETCH      ACBP=48
 066C:04C0 0000 C=DATA   S=_DATA          G=DGROUP  M=GPTEXT     ACBP=48
 066C:04C0 0002 C=DATA   S=_DATA          G=DGROUP  M=KBHIT      ACBP=48
 066C:04C2 0000 C=DATA   S=_DATA          G=DGROUP  M=MOVETEXT   ACBP=48
 066C:04C2 0000 C=DATA   S=_DATA          G=DGROUP  M=PUTCH      ACBP=48
 066C:04C2 0000 C=DATA   S=_DATA          G=DGROUP  M=REALCVT    ACBP=48
 066C:04C2 0000 C=DATA   S=_DATA          G=DGROUP  M=SCREEN     ACBP=48
 066C:04C2 0000 C=DATA   S=_DATA          G=DGROUP  M=SCROLL     ACBP=48
 066C:04C2 0000 C=DATA   S=_DATA          G=DGROUP  M=SETBLOCK   ACBP=48
 066C:04C2 0000 C=DATA   S=_DATA          G=DGROUP  M=SETJMP     ACBP=48
 066C:04C2 0000 C=DATA   S=_DATA          G=DGROUP  M=WHEREXY    ACBP=48
 066C:04C2 0000 C=DATA   S=_DATA          G=DGROUP  M=FFLUSH     ACBP=48
 066C:04C2 0000 C=DATA   S=_DATA          G=DGROUP  M=FLUSHALL   ACBP=48
 066C:04C2 0000 C=DATA   S=_DATA          G=DGROUP  M=FSEEK      ACBP=48
 066C:04C2 0000 C=DATA   S=_DATA          G=DGROUP  M=MEMCPY     ACBP=48
 066C:04C2 0004 C=DATA   S=_DATA          G=DGROUP  M=SETVBUF    ACBP=48
 066C:04C6 0000 C=DATA   S=_DATA          G=DGROUP  M=SPRINTF    ACBP=48
 066C:04C6 0000 C=DATA   S=_DATA          G=DGROUP  M=WRITE      ACBP=48
 066C:04C6 0000 C=DATA   S=_DATA          G=DGROUP  M=WRITEA     ACBP=48
 066C:04C6 0000 C=DATA   S=_DATA          G=DGROUP  M=XFFLUSH    ACBP=48
 066C:04C6 0000 C=DATA   S=_CVTSEG        G=DGROUP  M=c0.ASM     ACBP=48
 066C:04C6 0002 C=DATA   S=_CVTSEG        G=DGROUP  M=CVTFAK     ACBP=48
 066C:04C8 0000 C=DATA   S=_CVTSEG        G=DGROUP  M=REALCVT    ACBP=48
 066C:04C8 0000 C=DATA   S=_SCNSEG        G=DGROUP  M=c0.ASM     ACBP=48
 066C:04C8 0006 C=DATA   S=_SCNSEG        G=DGROUP  M=CVTFAK     ACBP=48
 066C:04CE 0000 C=CONST  S=_CONST         G=DGROUP  M=c0.ASM     ACBP=48
 066C:04CE 0000 C=INITDATA S=_INIT_         G=DGROUP  M=c0.ASM     ACBP=48
 066C:04CE 0006 C=INITDATA S=_INIT_         G=DGROUP  M=SETUPIO    ACBP=48
 066C:04D4 0006 C=INITDATA S=_INIT_         G=DGROUP  M=CRTINIT    ACBP=48
 066C:04DA 0000 C=INITDATA S=_INITEND_      G=DGROUP  M=c0.ASM     ACBP=28
 066C:04DA 0000 C=EXITDATA S=_EXIT_         G=DGROUP  M=c0.ASM     ACBP=48
 066C:04DA 0000 C=EXITDATA S=_EXITEND_      G=DGROUP  M=c0.ASM     ACBP=28
 066C:04DA 0000 C=BSS    S=_BSS           G=DGROUP  M=c0.ASM     ACBP=48
 066C:04DA 100A C=BSS    S=_BSS           G=DGROUP  M=test.c     ACBP=48
 066C:14E4 0001 C=BSS    S=_BSS           G=DGROUP  M=os_cpu_c.c ACBP=48
 066C:14E6 001B C=BSS    S=_BSS           G=DGROUP  M=pc.c       ACBP=48
 066C:1502 1425 C=BSS    S=_BSS           G=DGROUP  M=ucos_ii.c  ACBP=48
 066C:2928 0080 C=BSS    S=_BSS           G=DGROUP  M=ATEXIT     ACBP=48
 066C:29A8 0000 C=BSS    S=_BSS           G=DGROUP  M=IOERROR    ACBP=48
 066C:29A8 0000 C=BSS    S=_BSS           G=DGROUP  M=ISATTY     ACBP=48
 066C:29A8 0000 C=BSS    S=_BSS           G=DGROUP  M=LONGTOA    ACBP=48
 066C:29A8 0000 C=BSS    S=_BSS           G=DGROUP  M=LSEEK      ACBP=48
 066C:29A8 0000 C=BSS    S=_BSS           G=DGROUP  M=SETUPIO    ACBP=48
 066C:29A8 0000 C=BSS    S=_BSS           G=DGROUP  M=VPRINTER   ACBP=48
 066C:29A8 0000 C=BSS    S=_BSS           G=DGROUP  M=VRAM       ACBP=48
 066C:29A8 0000 C=BSS    S=_BSS           G=DGROUP  M=CRTINIT    ACBP=48
 066C:29A8 0000 C=BSS    S=_BSS           G=DGROUP  M=GETCH      ACBP=48
 066C:29A8 0000 C=BSS    S=_BSS           G=DGROUP  M=KBHIT      ACBP=48
 066C:29A8 0000 C=BSS    S=_BSS           G=DGROUP  M=SETBLOCK   ACBP=48
 066C:29A8 0000 C=BSS    S=_BSS           G=DGROUP  M=SETJMP     ACBP=48
 066C:29A8 0000 C=BSS    S=_BSS           G=DGROUP  M=MEMCPY     ACBP=48
 066C:29A8 0000 C=BSS    S=_BSS           G=DGROUP  M=WRITEA     ACBP=48
 066C:29A8 0000 C=BSSEND S=_BSSEND        G=DGROUP  M=c0.ASM     ACBP=28
 0907:0000 0080 C=STACK  S=_STACK         G=(none)  M=c0.ASM     ACBP=74

  Address         Publics by Name

 066C:0000 idle  DATASEG@
 0000:0291 idle  DGROUP@
 0000:0395 idle  F_LDIV@
 0000:03A4 idle  F_LMOD@
 0000:039C       F_LUDIV@
 0000:03AC idle  F_LUMOD@
 0000:0443       F_LXLSH@
 0000:0355       F_LXMUL@
 0000:0464       F_LXURSH@
 0000:0485 idle  F_PADD@
 0000:04B4 idle  F_PSUB@
 0000:0395 idle  LDIV@
 0000:03A4 idle  LMOD@
 0000:039C idle  LUDIV@
 0000:03AC idle  LUMOD@
 0000:0443 idle  LXLSH@
 0000:0355 idle  LXMUL@
 0000:0464 idle  LXURSH@
 0000:0392 idle  N_LDIV@
 0000:03A1 idle  N_LMOD@
 0000:0399 idle  N_LUDIV@
 0000:03A9 idle  N_LUMOD@
 0000:0440       N_LXLSH@
 0000:0461 idle  N_LXURSH@
 0000:0482       N_PADD@
 0000:0609       N_PCMP@
 0000:04B1 idle  N_PSUB@
 0000:0485 idle  PADD@
 0000:04B4 idle  PSUB@
 0000:027A       _abort
 0213:0095 idle  _another
 0000:0295 idle  _atexit
 066C:2226       _BufferIndex
 0000:0D90 idle  _cprintf
 066C:0483       _directvideo
 066C:007F       _errno
 066C:2427       _event
 0000:031A       _exit
 0000:10B0 idle  _farfree
 0000:11C4 idle  _farmalloc
 0000:1328 idle  _farrealloc
 0000:1ABD       _fflush
 0000:1B8A       _flushall
 0000:10B0       _free
 066C:2327       _from
 0000:1C4E       _fseek
 0000:1CCE idle  _ftell
 0000:14E2       _getch
 0000:14FE idle  _getche
 0000:036C       _getdate
 0000:1540       _gettext
 0000:037F       _gettime
 0000:052D       _isatty
 0000:15EC       _kbhit
 0000:1A5D       _longjmp
 0000:05E0       _lseek
 0213:0007       _main
 0000:11BA       _malloc
 0000:1DAE       _memcpy
 0000:15FE       _movetext
 066C:20E2 idle  _OSCPUUsage
 026A:0028       _OSCtxSw
 066C:2122 idle  _OSCtxSwCtr
 066C:211E idle  _OSEventFreeList
 066C:210A idle  _OSEventTbl
 02CD:0B24 idle  _OSFlagAccept
 02CD:0C56 idle  _OSFlagCreate
 02CD:0CCE idle  _OSFlagDel
 066C:20E3 idle  _OSFlagFreeList
 02CD:0E10 idle  _OSFlagPend
 02CD:106A idle  _OSFlagPost
 02CD:120A idle  _OSFlagQuery
 066C:20E7 idle  _OSFlagTbl
 066C:1CCB idle  _OSIdleCtr
 066C:20DE idle  _OSIdleCtrMax
 066C:20DA idle  _OSIdleCtrRun
 02CD:0003       _OSInit
 0278:0000       _OSInitHookBegin
 0278:0001       _OSInitHookEnd
 026A:0063       _OSIntCtxSw
 02CD:003B idle  _OSIntEnter
 02CD:004E       _OSIntExit
 066C:1CD7 idle  _OSIntExitY
 066C:1CD8       _OSIntNesting
 066C:1CD6 idle  _OSLockNesting
 066C:00DC idle  _OSMapTbl
 02CD:149A idle  _OSMboxAccept
 02CD:14E5 idle  _OSMboxCreate
 02CD:155A idle  _OSMboxDel
 02CD:1678 idle  _OSMboxPend
 02CD:177A idle  _OSMboxPost
 02CD:17F2 idle  _OSMboxPostOpt
 02CD:1895 idle  _OSMboxQuery
 02CD:1923 idle  _OSMemCreate
 066C:159E idle  _OSMemFreeList
 02CD:1A6E idle  _OSMemGet
 02CD:1AEC idle  _OSMemPut
 02CD:1B5C idle  _OSMemQuery
 066C:153A idle  _OSMemTbl
 02CD:1CA9 idle  _OSMutexAccept
 02CD:1D34 idle  _OSMutexCreate
 02CD:1E1A idle  _OSMutexDel
 02CD:1F74 idle  _OSMutexPend
 02CD:215F idle  _OSMutexPost
 02CD:22E7 idle  _OSMutexQuery
 066C:1CD5       _OSPrioCur
 066C:1CD4       _OSPrioHighRdy
 02CD:239C idle  _OSQAccept
 02CD:243C idle  _OSQCreate
 02CD:255F idle  _OSQDel
 02CD:26DC idle  _OSQFlush
 066C:1536 idle  _OSQFreeList
 02CD:2734 idle  _OSQPend
 02CD:287A idle  _OSQPost
 02CD:2942 idle  _OSQPostFront
 02CD:2A04 idle  _OSQPostOpt
 02CD:2B42 idle  _OSQQuery
 066C:1506 idle  _OSQTbl
 066C:1CD3 idle  _OSRdyGrp
 066C:1CD1 idle  _OSRdyTbl
 066C:1CD0       _OSRunning
 02CD:020F idle  _OSSchedLock
 02CD:0225 idle  _OSSchedUnlock
 02CD:2C67 idle  _OSSemAccept
 02CD:2C99 idle  _OSSemCreate
 02CD:2D0D idle  _OSSemDel
 02CD:2E2B idle  _OSSemPend
 02CD:2EDB idle  _OSSemPost
 02CD:2F35 idle  _OSSemQuery
 02CD:0252       _OSStart
 026A:000A       _OSStartHighRdy
 02CD:02FD idle  _OSStatInit
 066C:20D9 idle  _OSStatRdy
 02CD:2FBB idle  _OSTaskChangePrio
 02CD:3187       _OSTaskCreate
 02CD:3244 idle  _OSTaskCreateExt
 0278:0002       _OSTaskCreateHook
 066C:1CCF idle  _OSTaskCtr
 02CD:3334 idle  _OSTaskDel
 0278:0007       _OSTaskDelHook
 02CD:3513 idle  _OSTaskDelReq
 0278:000C       _OSTaskIdleHook
 066C:18CB idle  _OSTaskIdleStk
 02CD:3791 idle  _OSTaskQuery
 02CD:357F idle  _OSTaskResume
 0278:000D       _OSTaskStatHook
 066C:1CD9 idle  _OSTaskStatStk
 02CD:35FE idle  _OSTaskStkChk
 0278:000E       _OSTaskStkInit
 0278:00F4 idle  _OSTaskStkInit_FPE_x86
 02CD:36E3 idle  _OSTaskSuspend
 0278:01CF       _OSTaskSwHook
 066C:18C7       _OSTCBCur
 066C:18C3 idle  _OSTCBFreeList
 066C:18BF       _OSTCBHighRdy
 0278:01D0       _OSTCBInitHook
 066C:18BB       _OSTCBList
 066C:1887 idle  _OSTCBPrioTbl
 066C:15A2 idle  _OSTCBTbl
 066C:14E4       _OSTickDOSCtr
 026A:0090       _OSTickISR
 066C:1502 idle  _OSTime
 02CD:37FF       _OSTimeDly
 02CD:3846 idle  _OSTimeDlyHMSM
 02CD:3935 idle  _OSTimeDlyResume
 02CD:39AD       _OSTimeGet
 02CD:39CC       _OSTimeSet
 02CD:0338       _OSTimeTick
 0278:01D5       _OSTimeTickHook
 066C:00E4 idle  _OSUnMapTbl
 02CD:03D7 idle  _OSVersion
 02CD:03DB idle  _OS_Dummy
 02CD:03DC idle  _OS_EventTaskRdy
 02CD:04A6 idle  _OS_EventTaskWait
 02CD:0513 idle  _OS_EventTO
 02CD:0567 idle  _OS_EventWaitListInit
 02CD:132C idle  _OS_FlagInit
 02CD:13EB idle  _OS_FlagUnlink
 02CD:1C05 idle  _OS_MemInit
 02CD:2C17 idle  _OS_QInit
 02CD:0761 idle  _OS_Sched
 02CD:08A0 idle  _OS_TaskIdle
 02CD:08C5 idle  _OS_TaskStat
 02CD:0991 idle  _OS_TCBInit
 0295:0006 idle  _PC_DispChar
 0295:0044 idle  _PC_DispClrCol
 0295:008A idle  _PC_DispClrRow
 0295:00C3 idle  _PC_DispClrScr
 0295:00F4       _PC_DispStr
 0295:0143       _PC_DOSReturn
 0295:0157       _PC_DOSSaveReturn
 0295:01C5 idle  _PC_ElapsedInit
 0295:01D9 idle  _PC_ElapsedStart
 0295:01FF idle  _PC_ElapsedStop
 0295:0250 idle  _PC_GetDateTime
 0295:02A3       _PC_GetKey
 0295:02CA       _PC_SetTickRate
 066C:14E6 idle  _PC_TickISR
 0295:0317 idle  _PC_VectGet
 0295:034E       _PC_VectSet
 0213:046E idle  _PrintInfo
 0000:169B       _putch
 0000:1596       _puttext
 066C:04DD idle  _RandomSem
 0000:1321 idle  _realloc
 0000:1A0B       _setblock
 0000:1A27       _setjmp
 0000:1DD2       _setvbuf
 0000:1F2F       _sprintf
 066C:04DA idle  _start
 0213:0127 idle  _Task1
 0213:0246 idle  _Task2
 0213:033F idle  _Task3
 066C:04E1 idle  _TaskData
 066C:04E4 idle  _TaskStartStk
 066C:08E4 idle  _TaskStk
 066C:04DB idle  _tick_id
 066C:2527       _TimeTick
 066C:2227       _to
 0000:1522 idle  _ungetch
 066C:2126       _v
 0000:1F51 idle  _vsprintf
 0000:1A9B idle  _wherex
 0000:1AAA idle  _wherey
 0000:1000 idle  __AHINCR
 0000:000C idle  __AHSHIFT
 066C:01E4       __atexitcnt
 066C:2928       __atexittbl
 0000:1418       __brk
 066C:008B       __brklvl
 066C:006B idle  __C0argc
 066C:006D idle  __C0argv
 0000:0E72 idle  __c0crtinit
 066C:0071 idle  __C0environ
 066C:04C1       __cChar
 0000:033B idle  __cexit
 066C:04C0       __cFlag
 0000:016A       __checknull
 0000:0157       __cleanup
 0000:0C5E       __CPUTN
 0000:0E8F idle  __crtinit
 0000:0000  Abs  __cvtfak
 0000:0349 idle  __c_exit
 066C:03AC idle  __doserrno
 0000:051B idle  __DOSERROR
 066C:03AE idle  __dosErrorToSV
 066C:0075 idle  __envLng
 066C:0077 idle  __envseg
 066C:0079 idle  __envSize
 0000:0329       __exit
 066C:01E6       __exitbuf
 066C:01EA idle  __exitfopen
 066C:01EE idle  __exitopen
 066C:0087       __heapbase
 066C:008F       __heaptop
 066C:005B idle  __Int0Vector
 066C:005F idle  __Int4Vector
 066C:0063 idle  __Int5Vector
 066C:0067 idle  __Int6Vector
 0000:04E2       __IOERROR
 0000:053E       __LONGTOA
 0000:0293 idle  __MMODEL
 066C:0382       __nfile
 0000:14FB idle  __Ngetche
 0000:151F idle  __Nungetch
 066C:0384       __openfd
 066C:007D idle  __osmajor
 066C:007E idle  __osminor
 066C:007D idle  __osversion
 066C:007B       __psp
 0000:16B2       __REALCVT
 066C:04C6       __RealCvtVector
 0000:01C0       __restorezero
 0000:1457       __sbrk
 066C:04C8 idle  __ScanTodVector
 0000:17EC       __SCREENIO
 0000:189F       __SCROLL
 0000:062A       __setupio
 066C:0081 idle  __StartTime
 066C:0408       __stklen
 066C:01F2       __streams
 0000:016B       __terminate
 0000:0000 idle  __turboCrt
 0000:05C0 idle  __UTOA
 0000:1828       __VALIDATEXY
 066C:007D idle  __version
 066C:0474       __video
 0000:0DE7       __VideoInt
 0000:06FC       __VPRINTER
 0000:0BBF       __VPTR
 0000:0BE4       __VRAM
 0000:1A91       __wherexy
 0000:20C3       __write
 066C:0472       __wscroll
 0000:20FF       __xfflush
 066C:0085 idle  ___brklvl
 0000:0F70 idle  ___first
 0000:0F72 idle  ___last
 0000:0F74 idle  ___rover
 0000:1F72       ___write

  Address         Publics by Value

 0000:0000 idle  __turboCrt
 0000:0000  Abs  __cvtfak
 0000:000C idle  __AHSHIFT
 0000:0157       __cleanup
 0000:016A       __checknull
 0000:016B       __terminate
 0000:01C0       __restorezero
 0000:027A       _abort
 0000:0291 idle  DGROUP@
 0000:0293 idle  __MMODEL
 0000:0295 idle  _atexit
 0000:031A       _exit
 0000:0329       __exit
 0000:033B idle  __cexit
 0000:0349 idle  __c_exit
 0000:0355       F_LXMUL@
 0000:0355 idle  LXMUL@
 0000:036C       _getdate
 0000:037F       _gettime
 0000:0392 idle  N_LDIV@
 0000:0395 idle  LDIV@
 0000:0395 idle  F_LDIV@
 0000:0399 idle  N_LUDIV@
 0000:039C       F_LUDIV@
 0000:039C idle  LUDIV@
 0000:03A1 idle  N_LMOD@
 0000:03A4 idle  F_LMOD@
 0000:03A4 idle  LMOD@
 0000:03A9 idle  N_LUMOD@
 0000:03AC idle  LUMOD@
 0000:03AC idle  F_LUMOD@
 0000:0440       N_LXLSH@
 0000:0443       F_LXLSH@
 0000:0443 idle  LXLSH@
 0000:0461 idle  N_LXURSH@
 0000:0464       F_LXURSH@
 0000:0464 idle  LXURSH@
 0000:0482       N_PADD@
 0000:0485 idle  F_PADD@
 0000:0485 idle  PADD@
 0000:04B1 idle  N_PSUB@
 0000:04B4 idle  F_PSUB@
 0000:04B4 idle  PSUB@
 0000:04E2       __IOERROR
 0000:051B idle  __DOSERROR
 0000:052D       _isatty
 0000:053E       __LONGTOA
 0000:05C0 idle  __UTOA
 0000:05E0       _lseek
 0000:0609       N_PCMP@
 0000:062A       __setupio
 0000:06FC       __VPRINTER
 0000:0BBF       __VPTR
 0000:0BE4       __VRAM
 0000:0C5E       __CPUTN
 0000:0D90 idle  _cprintf
 0000:0DE7       __VideoInt
 0000:0E72 idle  __c0crtinit
 0000:0E8F idle  __crtinit
 0000:0F70 idle  ___first
 0000:0F72 idle  ___last
 0000:0F74 idle  ___rover
 0000:1000 idle  __AHINCR
 0000:10B0       _free
 0000:10B0 idle  _farfree
 0000:11BA       _malloc
 0000:11C4 idle  _farmalloc
 0000:1321 idle  _realloc
 0000:1328 idle  _farrealloc
 0000:1418       __brk
 0000:1457       __sbrk
 0000:14E2       _getch
 0000:14FB idle  __Ngetche
 0000:14FE idle  _getche
 0000:151F idle  __Nungetch
 0000:1522 idle  _ungetch
 0000:1540       _gettext
 0000:1596       _puttext
 0000:15EC       _kbhit
 0000:15FE       _movetext
 0000:169B       _putch
 0000:16B2       __REALCVT
 0000:17EC       __SCREENIO
 0000:1828       __VALIDATEXY
 0000:189F       __SCROLL
 0000:1A0B       _setblock
 0000:1A27       _setjmp
 0000:1A5D       _longjmp
 0000:1A91       __wherexy
 0000:1A9B idle  _wherex
 0000:1AAA idle  _wherey
 0000:1ABD       _fflush
 0000:1B8A       _flushall
 0000:1C4E       _fseek
 0000:1CCE idle  _ftell
 0000:1DAE       _memcpy
 0000:1DD2       _setvbuf
 0000:1F2F       _sprintf
 0000:1F51 idle  _vsprintf
 0000:1F72       ___write
 0000:20C3       __write
 0000:20FF       __xfflush
 0213:0007       _main
 0213:0095 idle  _another
 0213:0127 idle  _Task1
 0213:0246 idle  _Task2
 0213:033F idle  _Task3
 0213:046E idle  _PrintInfo
 026A:000A       _OSStartHighRdy
 026A:0028       _OSCtxSw
 026A:0063       _OSIntCtxSw
 026A:0090       _OSTickISR
 0278:0000       _OSInitHookBegin
 0278:0001       _OSInitHookEnd
 0278:0002       _OSTaskCreateHook
 0278:0007       _OSTaskDelHook
 0278:000C       _OSTaskIdleHook
 0278:000D       _OSTaskStatHook
 0278:000E       _OSTaskStkInit
 0278:00F4 idle  _OSTaskStkInit_FPE_x86
 0278:01CF       _OSTaskSwHook
 0278:01D0       _OSTCBInitHook
 0278:01D5       _OSTimeTickHook
 0295:0006 idle  _PC_DispChar
 0295:0044 idle  _PC_DispClrCol
 0295:008A idle  _PC_DispClrRow
 0295:00C3 idle  _PC_DispClrScr
 0295:00F4       _PC_DispStr
 0295:0143       _PC_DOSReturn
 0295:0157       _PC_DOSSaveReturn
 0295:01C5 idle  _PC_ElapsedInit
 0295:01D9 idle  _PC_ElapsedStart
 0295:01FF idle  _PC_ElapsedStop
 0295:0250 idle  _PC_GetDateTime
 0295:02A3       _PC_GetKey
 0295:02CA       _PC_SetTickRate
 0295:0317 idle  _PC_VectGet
 0295:034E       _PC_VectSet
 02CD:0003       _OSInit
 02CD:003B idle  _OSIntEnter
 02CD:004E       _OSIntExit
 02CD:020F idle  _OSSchedLock
 02CD:0225 idle  _OSSchedUnlock
 02CD:0252       _OSStart
 02CD:02FD idle  _OSStatInit
 02CD:0338       _OSTimeTick
 02CD:03D7 idle  _OSVersion
 02CD:03DB idle  _OS_Dummy
 02CD:03DC idle  _OS_EventTaskRdy
 02CD:04A6 idle  _OS_EventTaskWait
 02CD:0513 idle  _OS_EventTO
 02CD:0567 idle  _OS_EventWaitListInit
 02CD:0761 idle  _OS_Sched
 02CD:08A0 idle  _OS_TaskIdle
 02CD:08C5 idle  _OS_TaskStat
 02CD:0991 idle  _OS_TCBInit
 02CD:0B24 idle  _OSFlagAccept
 02CD:0C56 idle  _OSFlagCreate
 02CD:0CCE idle  _OSFlagDel
 02CD:0E10 idle  _OSFlagPend
 02CD:106A idle  _OSFlagPost
 02CD:120A idle  _OSFlagQuery
 02CD:132C idle  _OS_FlagInit
 02CD:13EB idle  _OS_FlagUnlink
 02CD:149A idle  _OSMboxAccept
 02CD:14E5 idle  _OSMboxCreate
 02CD:155A idle  _OSMboxDel
 02CD:1678 idle  _OSMboxPend
 02CD:177A idle  _OSMboxPost
 02CD:17F2 idle  _OSMboxPostOpt
 02CD:1895 idle  _OSMboxQuery
 02CD:1923 idle  _OSMemCreate
 02CD:1A6E idle  _OSMemGet
 02CD:1AEC idle  _OSMemPut
 02CD:1B5C idle  _OSMemQuery
 02CD:1C05 idle  _OS_MemInit
 02CD:1CA9 idle  _OSMutexAccept
 02CD:1D34 idle  _OSMutexCreate
 02CD:1E1A idle  _OSMutexDel
 02CD:1F74 idle  _OSMutexPend
 02CD:215F idle  _OSMutexPost
 02CD:22E7 idle  _OSMutexQuery
 02CD:239C idle  _OSQAccept
 02CD:243C idle  _OSQCreate
 02CD:255F idle  _OSQDel
 02CD:26DC idle  _OSQFlush
 02CD:2734 idle  _OSQPend
 02CD:287A idle  _OSQPost
 02CD:2942 idle  _OSQPostFront
 02CD:2A04 idle  _OSQPostOpt
 02CD:2B42 idle  _OSQQuery
 02CD:2C17 idle  _OS_QInit
 02CD:2C67 idle  _OSSemAccept
 02CD:2C99 idle  _OSSemCreate
 02CD:2D0D idle  _OSSemDel
 02CD:2E2B idle  _OSSemPend
 02CD:2EDB idle  _OSSemPost
 02CD:2F35 idle  _OSSemQuery
 02CD:2FBB idle  _OSTaskChangePrio
 02CD:3187       _OSTaskCreate
 02CD:3244 idle  _OSTaskCreateExt
 02CD:3334 idle  _OSTaskDel
 02CD:3513 idle  _OSTaskDelReq
 02CD:357F idle  _OSTaskResume
 02CD:35FE idle  _OSTaskStkChk
 02CD:36E3 idle  _OSTaskSuspend
 02CD:3791 idle  _OSTaskQuery
 02CD:37FF       _OSTimeDly
 02CD:3846 idle  _OSTimeDlyHMSM
 02CD:3935 idle  _OSTimeDlyResume
 02CD:39AD       _OSTimeGet
 02CD:39CC       _OSTimeSet
 066C:0000 idle  DATASEG@
 066C:005B idle  __Int0Vector
 066C:005F idle  __Int4Vector
 066C:0063 idle  __Int5Vector
 066C:0067 idle  __Int6Vector
 066C:006B idle  __C0argc
 066C:006D idle  __C0argv
 066C:0071 idle  __C0environ
 066C:0075 idle  __envLng
 066C:0077 idle  __envseg
 066C:0079 idle  __envSize
 066C:007B       __psp
 066C:007D idle  __osversion
 066C:007D idle  __osmajor
 066C:007D idle  __version
 066C:007E idle  __osminor
 066C:007F       _errno
 066C:0081 idle  __StartTime
 066C:0085 idle  ___brklvl
 066C:0087       __heapbase
 066C:008B       __brklvl
 066C:008F       __heaptop
 066C:00DC idle  _OSMapTbl
 066C:00E4 idle  _OSUnMapTbl
 066C:01E4       __atexitcnt
 066C:01E6       __exitbuf
 066C:01EA idle  __exitfopen
 066C:01EE idle  __exitopen
 066C:01F2       __streams
 066C:0382       __nfile
 066C:0384       __openfd
 066C:03AC idle  __doserrno
 066C:03AE idle  __dosErrorToSV
 066C:0408       __stklen
 066C:0472       __wscroll
 066C:0474       __video
 066C:0483       _directvideo
 066C:04C0       __cFlag
 066C:04C1       __cChar
 066C:04C6       __RealCvtVector
 066C:04C8 idle  __ScanTodVector
 066C:04DA idle  _start
 066C:04DB idle  _tick_id
 066C:04DD idle  _RandomSem
 066C:04E1 idle  _TaskData
 066C:04E4 idle  _TaskStartStk
 066C:08E4 idle  _TaskStk
 066C:14E4       _OSTickDOSCtr
 066C:14E6 idle  _PC_TickISR
 066C:1502 idle  _OSTime
 066C:1506 idle  _OSQTbl
 066C:1536 idle  _OSQFreeList
 066C:153A idle  _OSMemTbl
 066C:159E idle  _OSMemFreeList
 066C:15A2 idle  _OSTCBTbl
 066C:1887 idle  _OSTCBPrioTbl
 066C:18BB       _OSTCBList
 066C:18BF       _OSTCBHighRdy
 066C:18C3 idle  _OSTCBFreeList
 066C:18C7       _OSTCBCur
 066C:18CB idle  _OSTaskIdleStk
 066C:1CCB idle  _OSIdleCtr
 066C:1CCF idle  _OSTaskCtr
 066C:1CD0       _OSRunning
 066C:1CD1 idle  _OSRdyTbl
 066C:1CD3 idle  _OSRdyGrp
 066C:1CD4       _OSPrioHighRdy
 066C:1CD5       _OSPrioCur
 066C:1CD6 idle  _OSLockNesting
 066C:1CD7 idle  _OSIntExitY
 066C:1CD8       _OSIntNesting
 066C:1CD9 idle  _OSTaskStatStk
 066C:20D9 idle  _OSStatRdy
 066C:20DA idle  _OSIdleCtrRun
 066C:20DE idle  _OSIdleCtrMax
 066C:20E2 idle  _OSCPUUsage
 066C:20E3 idle  _OSFlagFreeList
 066C:20E7 idle  _OSFlagTbl
 066C:210A idle  _OSEventTbl
 066C:211E idle  _OSEventFreeList
 066C:2122 idle  _OSCtxSwCtr
 066C:2126       _v
 066C:2226       _BufferIndex
 066C:2227       _to
 066C:2327       _from
 066C:2427       _event
 066C:2527       _TimeTick
 066C:2928       __atexittbl

Program entry point at 0000:0000

